0: --master-addr=nid006616 --master-port=29500 --node-rank=0 --nnodes=4 --nproc-per-node=4
2: --master-addr=nid006616 --master-port=29500 --node-rank=2 --nnodes=4 --nproc-per-node=4
3: --master-addr=nid006616 --master-port=29500 --node-rank=3 --nnodes=4 --nproc-per-node=4
1: --master-addr=nid006616 --master-port=29500 --node-rank=1 --nnodes=4 --nproc-per-node=4
0: Set local_rank: 0 to device
0: Using device: cuda:0
3: Set local_rank: 0 to device
3: Using device: cuda:0
0: Set local_rank: 1 to deviceSet local_rank: 3 to device
0: 
0: 
0: Using device: cuda:1Using device: cuda:3
0: 
0: Set local_rank: 2 to device
0: 
0: Using device: cuda:2
2: Set local_rank: 0 to device
2: Using device: cuda:0
3: Set local_rank: 3 to device
3: 
3: Using device: cuda:3
3: Set local_rank: 1 to device
3: 
3: Using device: cuda:1
3: Set local_rank: 2 to device
3: 
3: Using device: cuda:2
1: Set local_rank: 0 to device
1: Using device: cuda:0
2: Set local_rank: 3 to device
2: 
2: Using device: cuda:3
2: Set local_rank: 2 to device
2: 
2: Using device: cuda:2
2: Set local_rank: 1 to device
2: 
2: Using device: cuda:1
1: Set local_rank: 2 to device
1: 
1: Using device: cuda:2
1: Set local_rank: 1 to device
1: 
1: Using device: cuda:1
1: Set local_rank: 3 to device
1: 
1: Using device: cuda:3
0: Loaded model with 21316232 number of parametersLoaded model with 21316232 number of parameters
0: 
0: Loaded model with 21316232 number of parameters
0: 
0: Loaded model with 21316232 number of parameters
3: Loaded model with 21316232 number of parametersLoaded model with 21316232 number of parameters
3: 
0: 
3: Loaded model with 21316232 number of parameters
3: Loaded model with 21316232 number of parameters
3: 
0: Start training with 21316232 number of parametersStart training with 21316232 number of parameters
0: 
3: Start training with 21316232 number of parametersStart training with 21316232 number of parameters
3: 
0: Start training with 21316232 number of parameters
3: Start training with 21316232 number of parameters
3: Start training with 21316232 number of parameters
1: Loaded model with 21316232 number of parametersLoaded model with 21316232 number of parametersLoaded model with 21316232 number of parameters
1: 
1: 
1: Loaded model with 21316232 number of parameters
1: 
1: Start training with 21316232 number of parameters
1: Start training with 21316232 number of parameters
1: Start training with 21316232 number of parameters
1: 
1: Start training with 21316232 number of parameters
2: Loaded model with 21316232 number of parametersLoaded model with 21316232 number of parameters
2: 
2: Loaded model with 21316232 number of parameters
2: 
2: Loaded model with 21316232 number of parameters
2: 
2: Start training with 21316232 number of parametersStart training with 21316232 number of parameters
2: 
2: Start training with 21316232 number of parameters
2: 
2: Start training with 21316232 number of parameters
0: Start training with 21316232 number of parameters
0: 
0: [1;34mwandb[0m: 
0: [1;34mwandb[0m: 🚀 View run [33mFeb22_23-04-38_medium_skip_40_classes_ce_lovasz_subset_epoch-0[0m at: [34mhttps://wandb.ai/postprocess/PostProcess/runs/3yaln6xj[0m
0: [1;34mwandb[0m: Find logs at: [1;35m../../scratch/wandb/run-20260224_190324-3yaln6xj/logs[0m
