0: --master-addr=nid007303 --master-port=29500 --node-rank=0 --nnodes=4 --nproc-per-node=4
3: --master-addr=nid007303 --master-port=29500 --node-rank=3 --nnodes=4 --nproc-per-node=4
2: --master-addr=nid007303 --master-port=29500 --node-rank=2 --nnodes=4 --nproc-per-node=4
1: --master-addr=nid007303 --master-port=29500 --node-rank=1 --nnodes=4 --nproc-per-node=4
0: Set local_rank: 0 to device
0: Using device: cuda:0
3: Set local_rank: 0 to device
3: Using device: cuda:0
1: Set local_rank: 0 to device
1: Using device: cuda:0
2: Set local_rank: 0 to device
2: Using device: cuda:0
0: Set local_rank: 1 to device
0: 
0: Using device: cuda:1
0: Set local_rank: 2 to device
0: 
0: Using device: cuda:2
0: Set local_rank: 3 to device
0: 
0: Using device: cuda:3
3: Set local_rank: 3 to device
3: 
3: Using device: cuda:3
3: Set local_rank: 2 to device
3: 
3: Using device: cuda:2
3: Set local_rank: 1 to device
3: 
3: Using device: cuda:1
1: Set local_rank: 3 to device
1: Using device: cuda:3
1: Set local_rank: 2 to device
1: 
1: Using device: cuda:2
1: Set local_rank: 1 to device
1: 
1: Using device: cuda:1
2: Set local_rank: 3 to device
2: 
2: Using device: cuda:3
2: Set local_rank: 1 to device
2: 
2: Using device: cuda:1
2: Set local_rank: 2 to device
2: 
2: Using device: cuda:2
0: Registered new run run_0000 (hash 170005f5) -> /iopsstor/scratch/cscs/cymoser/ckpt/medium_skip_40_classes_ce_lovasz_subset/run_0000
2: Loaded model with 21316232 number of parametersLoaded model with 21316232 number of parameters
2: 
2: Loaded model with 21316232 number of parameters
2: Loaded model with 21316232 number of parameters
0: Loaded model with 21316232 number of parameters
0: Loaded model with 21316232 number of parameters
2: 
0: Loaded model with 21316232 number of parameters
0: 
1: Loaded model with 21316232 number of parametersLoaded model with 21316232 number of parameters
1: 
3: Loaded model with 21316232 number of parametersLoaded model with 21316232 number of parametersLoaded model with 21316232 number of parameters
1: Loaded model with 21316232 number of parameters
1: 
3: 
3: 
3: Loaded model with 21316232 number of parameters
0: Loaded model with 21316232 number of parameters
0: 
1: Loaded model with 21316232 number of parameters
1: 
0: Start training with 21316232 number of parameters
0: Start training with 21316232 number of parameters
2: Start training with 21316232 number of parameters
0: Start training with 21316232 number of parameters
2: Start training with 21316232 number of parameters
2: Start training with 21316232 number of parameters
2: Start training with 21316232 number of parameters
3: Start training with 21316232 number of parameters
3: Start training with 21316232 number of parameters
3: Start training with 21316232 number of parametersStart training with 21316232 number of parameters
3: 
1: Start training with 21316232 number of parameters
1: Start training with 21316232 number of parameters
1: 
1: Start training with 21316232 number of parameters
1: Start training with 21316232 number of parameters
0: Start training with 21316232 number of parameters
0: 
0: No valid neighbours?!
0: 
0: No valid neighbours?!
0: 
0: No valid neighbours?!
0: 
0: No valid neighbours?!
0: 
0: No valid neighbours?!
0: 
0: No valid neighbours?!
0: 
0: No valid neighbours?!
0: 
0: No valid neighbours?!
0: 
0: No valid neighbours?!
0: 
0: No valid neighbours?!
0: 
0: No valid neighbours?!
0: 
0: No valid neighbours?!
0: 
0: No valid neighbours?!
0: 
0: No valid neighbours?!
0: 
0: No valid neighbours?!
0: 
0: No valid neighbours?!
0: 
0: No valid neighbours?!
0: 
0: No valid neighbours?!
0: 
0: No valid neighbours?!
0: 
0: No valid neighbours?!
0: 
0: No valid neighbours?!
0: 
0: No valid neighbours?!
0: 
0: No valid neighbours?!
0: 
0: No valid neighbours?!
0: 
0: No valid neighbours?!
0: 
0: No valid neighbours?!
0: 
0: No valid neighbours?!
0: 
0: No valid neighbours?!
0: 
0: No valid neighbours?!
0: 
0: No valid neighbours?!
0: 
0: No valid neighbours?!
0: 
0: No valid neighbours?!
0: 
0: No valid neighbours?!
0: 
0: No valid neighbours?!
0: 
0: No valid neighbours?!
0: 
0: No valid neighbours?!
0: 
0: No valid neighbours?!
0: 
0: No valid neighbours?!
0: 
0: No valid neighbours?!
0: 
0: No valid neighbours?!
0: 
0: No valid neighbours?!
0: 
0: No valid neighbours?!
0: 
0: No valid neighbours?!
0: 
0: No valid neighbours?!
0: 
0: No valid neighbours?!
0: 
0: No valid neighbours?!
0: 
0: No valid neighbours?!
0: 
0: No valid neighbours?!
0: 
0: No valid neighbours?!
0: 
0: No valid neighbours?!
0: 
0: No valid neighbours?!
0: 
0: No valid neighbours?!
0: 
0: No valid neighbours?!
0: 
0: No valid neighbours?!
0: 
0: No valid neighbours?!
0: 
0: No valid neighbours?!
0: 
0: No valid neighbours?!
0: 
0: No valid neighbours?!
0: 
0: No valid neighbours?!
0: 
0: No valid neighbours?!
0: 
0: No valid neighbours?!
0: 
0: No valid neighbours?!
0: 
0: No valid neighbours?!
0: 
0: No valid neighbours?!
0: 
0: No valid neighbours?!
0: 
0: No valid neighbours?!
0: 
0: No valid neighbours?!
0: 
0: No valid neighbours?!
0: 
0: No valid neighbours?!
0: 
0: No valid neighbours?!
0: 
0: No valid neighbours?!
0: 
0: No valid neighbours?!
0: 
0: No valid neighbours?!
0: 
0: No valid neighbours?!
0: 
0: No valid neighbours?!
0: 
0: No valid neighbours?!
0: 
0: No valid neighbours?!
0: 
0: No valid neighbours?!
0: 
0: No valid neighbours?!
0: 
0: No valid neighbours?!
0: 
0: No valid neighbours?!
0: 
0: No valid neighbours?!
0: 
0: No valid neighbours?!
0: 
0: No valid neighbours?!
0: 
0: No valid neighbours?!
0: 
0: No valid neighbours?!
0: 
0: No valid neighbours?!
0: 
0: No valid neighbours?!
0: 
0: No valid neighbours?!
0: 
0: No valid neighbours?!
0: 
0: No valid neighbours?!
0: 
0: No valid neighbours?!
0: 
0: No valid neighbours?!
0: 
0: No valid neighbours?!
0: 
0: No valid neighbours?!
0: 
0: No valid neighbours?!
0: 
0: No valid neighbours?!
0: 
0: No valid neighbours?!
0: 
0: No valid neighbours?!
0: 
0: No valid neighbours?!
0: 
0: No valid neighbours?!
0: 
0: No valid neighbours?!
0: 
0: No valid neighbours?!
0: 
0: No valid neighbours?!
0: 
0: No valid neighbours?!
0: 
0: No valid neighbours?!
0: 
0: No valid neighbours?!
0: 
0: No valid neighbours?!
0: 
0: No valid neighbours?!
0: 
0: No valid neighbours?!
0: 
0: No valid neighbours?!
0: 
0: No valid neighbours?!
0: 
0: No valid neighbours?!
0: 
0: No valid neighbours?!
0: 
0: No valid neighbours?!
0: 
0: No valid neighbours?!
0: 
0: No valid neighbours?!
0: 
0: No valid neighbours?!
0: 
0: No valid neighbours?!
0: 
0: No valid neighbours?!
0: 
0: No valid neighbours?!
0: 
0: No valid neighbours?!
0: 
0: No valid neighbours?!
0: 
0: No valid neighbours?!
0: 
0: No valid neighbours?!
0: 
0: No valid neighbours?!
0: 
0: No valid neighbours?!
0: 
0: No valid neighbours?!
0: 
0: No valid neighbours?!
0: 
0: No valid neighbours?!
0: 
0: No valid neighbours?!
0: 
0: No valid neighbours?!
0: 
0: No valid neighbours?!
0: 
0: No valid neighbours?!
0: 
0: No valid neighbours?!
0: 
0: No valid neighbours?!
0: 
0: No valid neighbours?!
0: 
0: No valid neighbours?!
0: 
0: No valid neighbours?!
0: 
0: No valid neighbours?!
0: 
0: No valid neighbours?!
0: 
0: No valid neighbours?!
0: 
0: No valid neighbours?!
0: 
0: No valid neighbours?!
0: 
3: Rank 13 had empty mask
0: No valid neighbours?!
0: 
0: No valid neighbours?!
0: 
0: No valid neighbours?!
0: 
0: No valid neighbours?!
0: 
0: No valid neighbours?!
0: 
0: No valid neighbours?!
0: 
0: No valid neighbours?!
0: 
0: No valid neighbours?!
0: 
0: No valid neighbours?!
0: 
0: No valid neighbours?!
0: 
0: No valid neighbours?!
0: 
0: No valid neighbours?!
0: 
0: No valid neighbours?!
0: 
0: No valid neighbours?!
0: 
0: No valid neighbours?!
0: 
0: No valid neighbours?!
0: 
0: No valid neighbours?!
0: 
0: No valid neighbours?!
0: 
0: No valid neighbours?!
0: 
0: No valid neighbours?!
0: 
0: No valid neighbours?!
0: 
0: No valid neighbours?!
0: 
0: No valid neighbours?!
0: 
0: No valid neighbours?!
0: 
0: No valid neighbours?!
0: 
0: No valid neighbours?!
0: 
0: No valid neighbours?!
0: 
0: No valid neighbours?!
0: 
0: No valid neighbours?!
0: 
0: No valid neighbours?!
0: 
0: No valid neighbours?!
0: 
0: No valid neighbours?!
0: 
0: No valid neighbours?!
0: 
0: No valid neighbours?!
0: 
0: No valid neighbours?!
0: 
0: No valid neighbours?!
0: 
0: No valid neighbours?!
0: 
0: No valid neighbours?!
0: 
0: No valid neighbours?!
0: 
0: No valid neighbours?!
0: 
0: No valid neighbours?!
0: 
0: No valid neighbours?!
0: 
0: No valid neighbours?!
0: 
0: No valid neighbours?!
0: 
0: No valid neighbours?!
0: 
0: No valid neighbours?!
0: 
0: No valid neighbours?!
0: 
0: No valid neighbours?!
0: 
0: No valid neighbours?!
0: 
0: No valid neighbours?!
0: 
0: No valid neighbours?!
0: 
0: No valid neighbours?!
0: 
0: No valid neighbours?!
0: 
0: No valid neighbours?!
0: 
0: No valid neighbours?!
0: 
0: No valid neighbours?!
0: 
0: No valid neighbours?!
0: 
0: No valid neighbours?!
0: 
0: No valid neighbours?!
0: 
0: No valid neighbours?!
0: 
0: No valid neighbours?!
0: 
0: No valid neighbours?!
0: 
0: No valid neighbours?!
0: 
0: No valid neighbours?!
0: 
0: No valid neighbours?!
0: 
0: No valid neighbours?!
0: 
0: No valid neighbours?!
0: 
0: No valid neighbours?!
0: 
0: No valid neighbours?!
0: 
0: No valid neighbours?!
0: 
0: No valid neighbours?!
0: 
0: No valid neighbours?!
0: 
0: No valid neighbours?!
0: 
0: No valid neighbours?!
0: 
0: No valid neighbours?!
0: 
0: No valid neighbours?!
0: 
0: No valid neighbours?!
0: 
0: No valid neighbours?!
0: 
0: No valid neighbours?!
0: 
0: No valid neighbours?!
0: 
0: No valid neighbours?!
0: 
0: No valid neighbours?!
0: 
0: No valid neighbours?!
0: 
2: Rank 11 had empty mask
0: No valid neighbours?!
0: 
0: No valid neighbours?!
0: 
0: No valid neighbours?!
0: 
0: No valid neighbours?!
0: 
0: No valid neighbours?!
0: 
0: No valid neighbours?!
0: 
0: No valid neighbours?!
0: 
0: No valid neighbours?!
0: 
0: No valid neighbours?!
0: 
0: No valid neighbours?!
0: 
0: No valid neighbours?!
0: 
0: No valid neighbours?!
0: 
0: No valid neighbours?!
0: 
0: No valid neighbours?!
0: 
0: No valid neighbours?!
0: 
0: No valid neighbours?!
0: 
0: No valid neighbours?!
0: 
0: No valid neighbours?!
0: 
0: No valid neighbours?!
0: 
0: No valid neighbours?!
0: 
0: No valid neighbours?!
0: 
0: No valid neighbours?!
0: 
0: No valid neighbours?!
0: 
0: No valid neighbours?!
0: 
0: No valid neighbours?!
0: 
0: No valid neighbours?!
0: 
0: No valid neighbours?!
0: 
0: No valid neighbours?!
0: 
0: No valid neighbours?!
0: 
1: Rank 6 had empty mask
0: No valid neighbours?!
0: 
0: No valid neighbours?!
0: 
0: No valid neighbours?!
0: 
0: No valid neighbours?!
0: 
0: No valid neighbours?!
0: 
0: No valid neighbours?!
0: 
0: No valid neighbours?!
0: 
0: No valid neighbours?!
0: 
0: No valid neighbours?!
0: 
0: No valid neighbours?!
0: 
0: No valid neighbours?!
0: 
0: No valid neighbours?!
0: 
0: No valid neighbours?!
0: 
0: No valid neighbours?!
0: 
0: No valid neighbours?!
0: 
0: No valid neighbours?!
0: 
0: No valid neighbours?!
0: 
0: No valid neighbours?!
0: 
0: No valid neighbours?!
0: 
0: No valid neighbours?!
0: 
0: No valid neighbours?!
0: 
0: No valid neighbours?!
0: 
0: No valid neighbours?!
0: 
0: No valid neighbours?!
0: 
0: No valid neighbours?!
0: 
0: No valid neighbours?!
0: 
0: No valid neighbours?!
0: 
0: No valid neighbours?!
0: 
0: No valid neighbours?!
0: 
0: No valid neighbours?!
0: 
0: No valid neighbours?!
0: 
0: No valid neighbours?!
0: 
0: No valid neighbours?!
0: 
0: No valid neighbours?!
0: 
1: Rank 4 had empty mask
0: No valid neighbours?!
0: 
0: No valid neighbours?!
0: 
0: No valid neighbours?!
0: 
0: No valid neighbours?!
0: 
0: No valid neighbours?!
0: 
0: No valid neighbours?!
0: 
0: No valid neighbours?!
0: 
0: No valid neighbours?!
0: 
0: No valid neighbours?!
0: 
0: No valid neighbours?!
0: 
0: No valid neighbours?!
0: 
0: No valid neighbours?!
0: 
0: No valid neighbours?!
0: 
0: No valid neighbours?!
0: 
0: No valid neighbours?!
0: 
0: No valid neighbours?!
0: 
0: No valid neighbours?!
0: 
0: No valid neighbours?!
0: 
0: No valid neighbours?!
0: 
0: No valid neighbours?!
0: 
0: No valid neighbours?!
0: 
0: No valid neighbours?!
0: 
0: No valid neighbours?!
0: 
0: No valid neighbours?!
0: 
0: No valid neighbours?!
0: 
0: No valid neighbours?!
0: 
0: No valid neighbours?!
0: 
0: No valid neighbours?!
0: 
0: Rank 3 had empty mask
0: No valid neighbours?!
0: 
0: No valid neighbours?!
0: 
0: No valid neighbours?!
0: 
0: No valid neighbours?!
0: 
0: No valid neighbours?!
0: 
0: No valid neighbours?!
0: 
0: No valid neighbours?!
0: 
0: No valid neighbours?!
0: 
0: No valid neighbours?!
0: 
0: No valid neighbours?!
0: 
0: No valid neighbours?!
0: 
0: No valid neighbours?!
0: 
0: No valid neighbours?!
0: 
0: No valid neighbours?!
0: 
0: No valid neighbours?!
0: 
0: No valid neighbours?!
0: 
0: No valid neighbours?!
0: 
0: No valid neighbours?!
0: 
0: No valid neighbours?!
0: 
0: No valid neighbours?!
0: 
0: No valid neighbours?!
0: 
0: No valid neighbours?!
0: 
0: No valid neighbours?!
0: 
0: No valid neighbours?!
0: 
0: No valid neighbours?!
0: 
0: No valid neighbours?!
0: 
0: No valid neighbours?!
0: 
0: No valid neighbours?!
0: 
0: No valid neighbours?!
0: 
0: No valid neighbours?!
0: 
0: No valid neighbours?!
0: 
0: No valid neighbours?!
0: 
0: No valid neighbours?!
0: 
0: No valid neighbours?!
0: 
0: No valid neighbours?!
0: 
0: No valid neighbours?!
0: 
0: No valid neighbours?!
0: 
0: No valid neighbours?!
0: 
0: No valid neighbours?!
0: 
0: No valid neighbours?!
0: 
0: No valid neighbours?!
0: 
0: No valid neighbours?!
0: 
0: No valid neighbours?!
0: 
0: No valid neighbours?!
0: 
0: No valid neighbours?!
0: 
0: No valid neighbours?!
0: 
0: No valid neighbours?!
0: 
0: No valid neighbours?!
0: 
0: No valid neighbours?!
0: 
0: No valid neighbours?!
0: 
0: No valid neighbours?!
0: 
0: No valid neighbours?!
0: 
0: No valid neighbours?!
0: 
0: No valid neighbours?!
0: 
0: No valid neighbours?!
0: 
0: No valid neighbours?!
0: 
0: No valid neighbours?!
0: 
0: No valid neighbours?!
0: 
0: No valid neighbours?!
0: 
0: No valid neighbours?!
0: 
0: No valid neighbours?!
0: 
0: No valid neighbours?!
0: 
0: No valid neighbours?!
0: 
0: No valid neighbours?!
0: 
0: No valid neighbours?!
0: 
0: No valid neighbours?!
0: 
0: No valid neighbours?!
0: 
0: No valid neighbours?!
0: 
0: No valid neighbours?!
0: 
0: No valid neighbours?!
0: 
0: No valid neighbours?!
0: 
0: No valid neighbours?!
0: 
0: No valid neighbours?!
0: 
0: No valid neighbours?!
0: 
0: No valid neighbours?!
0: 
0: No valid neighbours?!
0: 
0: No valid neighbours?!
0: 
0: No valid neighbours?!
0: 
0: No valid neighbours?!
0: 
0: No valid neighbours?!
0: 
0: No valid neighbours?!
0: 
0: No valid neighbours?!
0: 
