0: --master-addr=nid006815 --master-port=29500 --node-rank=0 --nnodes=4 --nproc-per-node=4
2: --master-addr=nid006815 --master-port=29500 --node-rank=2 --nnodes=4 --nproc-per-node=4
1: --master-addr=nid006815 --master-port=29500 --node-rank=1 --nnodes=4 --nproc-per-node=4
3: --master-addr=nid006815 --master-port=29500 --node-rank=3 --nnodes=4 --nproc-per-node=4
2: Set local_rank: 0 to device
2: Using device: cuda:0
3: Set local_rank: 0 to device
3: Using device: cuda:0
3: 
1: Set local_rank: 0 to device
1: Using device: cuda:0
2: Set local_rank: 1 to device
2: 
2: Set local_rank: 2 to device
2: 
2: Using device: cuda:1
2: Using device: cuda:2
2: Set local_rank: 3 to device
2: 
2: Using device: cuda:3
3: Set local_rank: 1 to device
3: 
3: Using device: cuda:1
3: Set local_rank: 3 to device
3: 
3: Using device: cuda:3
3: Set local_rank: 2 to device
3: 
3: Using device: cuda:2
0: Set local_rank: 0 to device
0: Using device: cuda:0
1: Set local_rank: 3 to deviceSet local_rank: 2 to device
1: 
1: 
1: Using device: cuda:2Using device: cuda:3
1: 
1: Set local_rank: 1 to device
1: 
1: Using device: cuda:1
0: Set local_rank: 1 to device
0: 
0: Using device: cuda:1
0: Set local_rank: 2 to device
0: 
0: Using device: cuda:2
0: Set local_rank: 3 to device
0: 
0: Using device: cuda:3
0: Loaded model with 21576776 number of parametersLoaded model with 21576776 number of parameters
0: 
0: Loaded model with 21576776 number of parameters
0: Loaded model with 21576776 number of parameters
0: 
0: Start training with 21576776 number of parameters
0: 
0: Start training with 21576776 number of parameters
0: 
0: Start training with 21576776 number of parameters
3: Loaded model with 21576776 number of parametersLoaded model with 21576776 number of parameters
3: 
3: Loaded model with 21576776 number of parameters
3: Loaded model with 21576776 number of parameters
3: 
3: Start training with 21576776 number of parametersStart training with 21576776 number of parameters
3: 
3: Start training with 21576776 number of parameters
3: Start training with 21576776 number of parameters
1: Loaded model with 21576776 number of parametersLoaded model with 21576776 number of parameters
1: 
1: Loaded model with 21576776 number of parameters
1: Loaded model with 21576776 number of parameters
1: 
1: Start training with 21576776 number of parametersStart training with 21576776 number of parameters
1: 
1: Start training with 21576776 number of parameters
1: Start training with 21576776 number of parameters
2: Loaded model with 21576776 number of parameters
2: Loaded model with 21576776 number of parameters
2: Loaded model with 21576776 number of parameters
2: 
2: Start training with 21576776 number of parameters
2: 
2: Start training with 21576776 number of parameters
2: Start training with 21576776 number of parameters
2: Loaded model with 21576776 number of parameters
2: 
2: Start training with 21576776 number of parameters
0: Start training with 21576776 number of parameters
0: 
0: [1;34mwandb[0m: 
0: [1;34mwandb[0m: 🚀 View run [33mFeb21_12-13-20_medium_skip_52_classes_label_smooth_epoch-0[0m at: [34mhttps://wandb.ai/postprocess/PostProcess/runs/7m71h00d[0m
0: [1;34mwandb[0m: Find logs at: [1;35m../../scratch/wandb/run-20260224_023642-7m71h00d/logs[0m
